// Jest Snapshot v1, https://goo.gl/fbAQLP

exports[`<DurationDynamic /> should render dynamic 2 min 4 sec 1`] = `
<span>
  2 min 4 sec
</span>
`;
