// Jest Snapshot v1, https://goo.gl/fbAQLP

exports[`<Loader /> Loader - default 1`] = `
<i
  className="fa fa-fw fa-spin fa-spinner"
/>
`;

exports[`<Loader /> Loader - with classname 1`] = `
<i
  className="fa fa-fw fa-spin fa-spinner additional-class"
/>
`;
